[14-Feb-2022 07:23:48 -0700]: <04a7f8a6> IMAP Error: Login failed for kadiri.fidelis@briech.net against localhost from 129.205.102.242(X-Forwarded-For: 129.205.102.242). AUTHENTICATE PLAIN: Authentication failed. in /usr/local/cpanel/base/3rdparty/roundcube/program/lib/Roundcube/rcube_imap.php on line 200 (POST /cpsess8756799196/3rdparty/roundcube/index.php?_task=mail&_action=refresh)
[14-Feb-2022 07:24:49 -0700]: <04a7f8a6> IMAP Error: Login failed for kadiri.fidelis@briech.net against localhost from 129.205.102.242(X-Forwarded-For: 129.205.102.242). AUTHENTICATE PLAIN: Authentication failed. in /usr/local/cpanel/base/3rdparty/roundcube/program/lib/Roundcube/rcube_imap.php on line 200 (POST /cpsess8756799196/3rdparty/roundcube/index.php?_task=mail&_action=refresh)
[14-Feb-2022 07:25:49 -0700]: <04a7f8a6> IMAP Error: Login failed for kadiri.fidelis@briech.net against localhost from 129.205.102.242(X-Forwarded-For: 129.205.102.242). AUTHENTICATE PLAIN: Authentication failed. in /usr/local/cpanel/base/3rdparty/roundcube/program/lib/Roundcube/rcube_imap.php on line 200 (POST /cpsess8756799196/3rdparty/roundcube/index.php?_task=mail&_action=refresh)
[14-Feb-2022 07:26:48 -0700]: <04a7f8a6> IMAP Error: Login failed for kadiri.fidelis@briech.net against localhost from 129.205.102.242(X-Forwarded-For: 129.205.102.242). AUTHENTICATE PLAIN: Authentication failed. in /usr/local/cpanel/base/3rdparty/roundcube/program/lib/Roundcube/rcube_imap.php on line 200 (POST /cpsess8756799196/3rdparty/roundcube/index.php?_task=mail&_action=refresh)
[14-Feb-2022 07:27:48 -0700]: <04a7f8a6> IMAP Error: Login failed for kadiri.fidelis@briech.net against localhost from 129.205.102.242(X-Forwarded-For: 129.205.102.242). AUTHENTICATE PLAIN: Authentication failed. in /usr/local/cpanel/base/3rdparty/roundcube/program/lib/Roundcube/rcube_imap.php on line 200 (POST /cpsess8756799196/3rdparty/roundcube/index.php?_task=mail&_action=refresh)
[14-Feb-2022 07:28:48 -0700]: <04a7f8a6> IMAP Error: Login failed for kadiri.fidelis@briech.net against localhost from 129.205.102.242(X-Forwarded-For: 129.205.102.242). AUTHENTICATE PLAIN: Authentication failed. in /usr/local/cpanel/base/3rdparty/roundcube/program/lib/Roundcube/rcube_imap.php on line 200 (POST /cpsess8756799196/3rdparty/roundcube/index.php?_task=mail&_action=refresh)
[14-Feb-2022 07:29:48 -0700]: <04a7f8a6> IMAP Error: Login failed for kadiri.fidelis@briech.net against localhost from 129.205.102.242(X-Forwarded-For: 129.205.102.242). AUTHENTICATE PLAIN: Authentication failed. in /usr/local/cpanel/base/3rdparty/roundcube/program/lib/Roundcube/rcube_imap.php on line 200 (POST /cpsess8756799196/3rdparty/roundcube/index.php?_task=mail&_action=refresh)
[14-Feb-2022 07:30:48 -0700]: <04a7f8a6> IMAP Error: Login failed for kadiri.fidelis@briech.net against localhost from 129.205.102.242(X-Forwarded-For: 129.205.102.242). AUTHENTICATE PLAIN: Authentication failed. in /usr/local/cpanel/base/3rdparty/roundcube/program/lib/Roundcube/rcube_imap.php on line 200 (POST /cpsess8756799196/3rdparty/roundcube/index.php?_task=mail&_action=refresh)
[14-Feb-2022 07:31:49 -0700]: <04a7f8a6> IMAP Error: Login failed for kadiri.fidelis@briech.net against localhost from 129.205.102.242(X-Forwarded-For: 129.205.102.242). AUTHENTICATE PLAIN: Authentication failed. in /usr/local/cpanel/base/3rdparty/roundcube/program/lib/Roundcube/rcube_imap.php on line 200 (POST /cpsess8756799196/3rdparty/roundcube/index.php?_task=mail&_action=refresh)
[14-Feb-2022 07:32:49 -0700]: <04a7f8a6> IMAP Error: Login failed for kadiri.fidelis@briech.net against localhost from 129.205.102.242(X-Forwarded-For: 129.205.102.242). AUTHENTICATE PLAIN: Authentication failed. in /usr/local/cpanel/base/3rdparty/roundcube/program/lib/Roundcube/rcube_imap.php on line 200 (POST /cpsess8756799196/3rdparty/roundcube/index.php?_task=mail&_action=refresh)
[14-Feb-2022 07:33:48 -0700]: <04a7f8a6> IMAP Error: Login failed for kadiri.fidelis@briech.net against localhost from 129.205.102.242(X-Forwarded-For: 129.205.102.242). AUTHENTICATE PLAIN: Authentication failed. in /usr/local/cpanel/base/3rdparty/roundcube/program/lib/Roundcube/rcube_imap.php on line 200 (POST /cpsess8756799196/3rdparty/roundcube/index.php?_task=mail&_action=refresh)
[14-Feb-2022 07:34:49 -0700]: <04a7f8a6> IMAP Error: Login failed for kadiri.fidelis@briech.net against localhost from 129.205.102.242(X-Forwarded-For: 129.205.102.242). AUTHENTICATE PLAIN: Authentication failed. in /usr/local/cpanel/base/3rdparty/roundcube/program/lib/Roundcube/rcube_imap.php on line 200 (POST /cpsess8756799196/3rdparty/roundcube/index.php?_task=mail&_action=refresh)
[14-Feb-2022 07:35:48 -0700]: <04a7f8a6> IMAP Error: Login failed for kadiri.fidelis@briech.net against localhost from 129.205.102.242(X-Forwarded-For: 129.205.102.242). AUTHENTICATE PLAIN: Authentication failed. in /usr/local/cpanel/base/3rdparty/roundcube/program/lib/Roundcube/rcube_imap.php on line 200 (POST /cpsess8756799196/3rdparty/roundcube/index.php?_task=mail&_action=refresh)
[14-Feb-2022 07:36:48 -0700]: <04a7f8a6> IMAP Error: Login failed for kadiri.fidelis@briech.net against localhost from 129.205.102.242(X-Forwarded-For: 129.205.102.242). AUTHENTICATE PLAIN: Authentication failed. in /usr/local/cpanel/base/3rdparty/roundcube/program/lib/Roundcube/rcube_imap.php on line 200 (POST /cpsess8756799196/3rdparty/roundcube/index.php?_task=mail&_action=refresh)
[14-Feb-2022 07:37:48 -0700]: <04a7f8a6> IMAP Error: Login failed for kadiri.fidelis@briech.net against localhost from 129.205.102.242(X-Forwarded-For: 129.205.102.242). AUTHENTICATE PLAIN: Authentication failed. in /usr/local/cpanel/base/3rdparty/roundcube/program/lib/Roundcube/rcube_imap.php on line 200 (POST /cpsess8756799196/3rdparty/roundcube/index.php?_task=mail&_action=refresh)
[14-Feb-2022 07:38:48 -0700]: <04a7f8a6> IMAP Error: Login failed for kadiri.fidelis@briech.net against localhost from 129.205.102.242(X-Forwarded-For: 129.205.102.242). AUTHENTICATE PLAIN: Authentication failed. in /usr/local/cpanel/base/3rdparty/roundcube/program/lib/Roundcube/rcube_imap.php on line 200 (POST /cpsess8756799196/3rdparty/roundcube/index.php?_task=mail&_action=refresh)
[14-Feb-2022 07:39:49 -0700]: <04a7f8a6> IMAP Error: Login failed for kadiri.fidelis@briech.net against localhost from 129.205.102.242(X-Forwarded-For: 129.205.102.242). AUTHENTICATE PLAIN: Authentication failed. in /usr/local/cpanel/base/3rdparty/roundcube/program/lib/Roundcube/rcube_imap.php on line 200 (POST /cpsess8756799196/3rdparty/roundcube/index.php?_task=mail&_action=refresh)
[24-Feb-2022 18:52:11 America/Boise] Unexpected condition from IMAP server, closed or corrupt connection to IMAP. Possible mailbox corruption.
[24-Feb-2022 18:52:11 America/Boise] PHP Warning:  fclose() expects parameter 1 to be resource, null given in /usr/local/cpanel/base/3rdparty/roundcube/program/lib/Roundcube/rcube_imap_generic.php on line 227
Feb 25 13:58:26 server1 postfix/pickup[29650]: AE11A4011B7B: uid=0 from=<root>
Feb 25 13:58:26 server1 postfix/cleanup[3260]: AE11A4011B7B: message-id=<20220225125826.AE11A4011B7B@server1.alsoft.org>
Feb 25 13:58:26 server1 postfix/qmgr[18556]: AE11A4011B7B: from=<root@server1.alsoft.org>, size=299, nrcpt=1 (queue active)
Feb 25 13:58:28 server1 postfix/smtp[3262]: AE11A4011B7B: to=<info.htreasure@gmail.com>, relay=gmail-smtp-in.l.google.com[74.125.206.26]:25, delay=2, delays=0.07/0.01/1.5/0.34, dsn=2.1.5, status=deliverable (250 2.1.5 OK z9-20020adfdf89000000b001e9e1228238si2585300wrl.340 - gsmtp)
Feb 25 13:58:28 server1 postfix/cleanup[3260]: 9C37E404B379: message-id=<20220225125828.9C37E404B379@server1.alsoft.org>
Feb 25 13:58:28 server1 postfix/bounce[3266]: AE11A4011B7B: sender delivery status notification: 9C37E404B379
Feb 25 13:58:28 server1 postfix/qmgr[18556]: 9C37E404B379: from=<>, size=2050, nrcpt=1 (queue active)
Feb 25 13:58:28 server1 postfix/qmgr[18556]: AE11A4011B7B: removed
Feb 25 13:58:28 server1 postfix/local[3267]: 9C37E404B379: to=<root@server1.alsoft.org>, relay=local, delay=0.03, delays=0.01/0.02/0/0.01, dsn=2.0.0, status=sent (delivered to mailbox)
Feb 25 13:58:28 server1 postfix/qmgr[18556]: 9C37E404B379: removed
Feb 25 14:09:43 server1 postfix/postfix-script[5893]: refreshing the Postfix mail system
Feb 25 14:09:43 server1 postfix/master[1295]: reload -- version 2.10.1, configuration /etc/postfix
Feb 25 14:09:43 server1 postfix/qmgr[5898]: name_mask: all
Feb 25 14:09:43 server1 postfix/qmgr[5898]: name_mask: subnet
Feb 25 14:09:43 server1 postfix/qmgr[5898]: inet_addr_local: configured 3 IPv4 addresses
Feb 25 14:09:43 server1 postfix/qmgr[5898]: inet_addr_local: configured 3 IPv6 addresses
Feb 25 14:09:43 server1 postfix/qmgr[5898]: been_here: 127.0.0.0/8: 0
Feb 25 14:09:43 server1 postfix/qmgr[5898]: been_here: [::1]/128: 0
Feb 25 14:09:43 server1 postfix/qmgr[5898]: mynetworks: 127.0.0.0/8 [::1]/128
Feb 25 14:09:43 server1 postfix/qmgr[5898]: process generation: 231 (231)
Feb 25 13:58:17 server1 postfix/sendmail[3218]: fatal: Recipient addresses must be specified on the command line or via the -t option
Feb 25 13:58:26 server1 postfix/pickup[29650]: AE11A4011B7B: uid=0 from=<root>
Feb 25 13:58:26 server1 postfix/cleanup[3260]: AE11A4011B7B: message-id=<20220225125826.AE11A4011B7B@server1.alsoft.org>
Feb 25 13:58:26 server1 postfix/qmgr[18556]: AE11A4011B7B: from=<root@server1.alsoft.org>, size=299, nrcpt=1 (queue active)
Feb 25 13:58:28 server1 postfix/smtp[3262]: AE11A4011B7B: to=<info.htreasure@gmail.com>, relay=gmail-smtp-in.l.google.com[74.125.206.26]:25, delay=2, delays=0.07/0.01/1.5/0.34, dsn=2.1.5, status=deliverable (250 2.1.5 OK z9-20020adfdf89$
Feb 25 13:58:28 server1 postfix/cleanup[3260]: 9C37E404B379: message-id=<20220225125828.9C37E404B379@server1.alsoft.org>
Feb 25 13:58:28 server1 postfix/bounce[3266]: AE11A4011B7B: sender delivery status notification: 9C37E404B379
Feb 25 13:58:28 server1 postfix/qmgr[18556]: 9C37E404B379: from=<>, size=2050, nrcpt=1 (queue active)
Feb 25 13:58:28 server1 postfix/qmgr[18556]: AE11A4011B7B: removed
Feb 25 13:58:28 server1 postfix/local[3267]: 9C37E404B379: to=<root@server1.alsoft.org>, relay=local, delay=0.03, delays=0.01/0.02/0/0.01, dsn=2.0.0, status=sent (delivered to mailbox)
Feb 25 13:58:28 server1 postfix/qmgr[18556]: 9C37E404B379: removed
Feb 25 14:09:43 server1 postfix/postfix-script[5893]: refreshing the Postfix mail system
Feb 25 14:09:43 server1 postfix/master[1295]: reload -- version 2.10.1, configuration /etc/postfix
Feb 25 14:09:43 server1 postfix/qmgr[5898]: name_mask: all
Feb 25 14:09:43 server1 postfix/qmgr[5898]: name_mask: subnet
Feb 25 14:09:43 server1 postfix/qmgr[5898]: inet_addr_local: configured 3 IPv4 addresses
Feb 25 14:09:43 server1 postfix/qmgr[5898]: inet_addr_local: configured 3 IPv6 addresses
Feb 25 14:09:43 server1 postfix/qmgr[5898]: been_here: 127.0.0.0/8: 0
Feb 25 14:09:43 server1 postfix/qmgr[5898]: been_here: [::1]/128: 0
Feb 25 14:09:43 server1 postfix/qmgr[5898]: mynetworks: 127.0.0.0/8 [::1]/128
Feb 25 14:09:43 server1 postfix/qmgr[5898]: process generation: 231 (231)
Feb 25 14:09:43 server1 postfix/qmgr[5898]: match_string: fast_flush_domains ~? debug_peer_list
Feb 25 14:09:43 server1 postfix/qmgr[5898]: match_string: fast_flush_domains ~? fast_flush_domains
Feb 25 14:09:43 server1 postfix/qmgr[5898]: start move queue active -> incoming
Feb 25 14:09:43 server1 postfix/qmgr[5898]: end move queue active -> incoming
Feb 25 14:09:43 server1 postfix/qmgr[5898]: qmgr_scan_start: start incoming queue scan
Feb 25 14:09:43 server1 postfix/qmgr[5898]: qmgr_scan_start: start deferred queue scan
Feb 25 14:09:43 server1 postfix/qmgr[5898]: done incoming queue scan
Feb 25 14:09:43 server1 postfix/qmgr[5898]: done deferred queue scan
Feb 25 14:09:43 server1 postfix/qmgr[5898]: trigger_server_accept_local: trigger arrived
Feb 25 14:09:43 server1 postfix/qmgr[5898]: master_notify: status 0
Feb 25 14:09:43 server1 postfix/qmgr[5898]: request: 87 (W)
Feb 25 14:09:43 server1 postfix/qmgr[5898]: request: 0 (?)
Feb 25 14:09:43 server1 postfix/qmgr[5898]: request ignored
Feb 25 14:09:43 server1 postfix/qmgr[5898]: qmgr_scan_start: start incoming queue scan
Feb 25 14:09:43 server1 postfix/qmgr[5898]: master_notify: status 1
Feb 25 14:09:43 server1 postfix/qmgr[5898]: done incoming queue scan
Feb 25 14:14:43 server1 postfix/qmgr[5898]: qmgr_scan_start: start deferred queue scan
Feb 25 14:14:43 server1 postfix/qmgr[5898]: done deferred queue scan
Feb 25 14:14:43 server1 postfix/qmgr[5898]: trigger_server_accept_local: trigger arrived
Feb 25 14:14:43 server1 postfix/qmgr[5898]: master_notify: status 0
Feb 25 14:14:43 server1 postfix/qmgr[5898]: request: 87 (W)
Feb 25 14:14:43 server1 postfix/qmgr[5898]: request: 0 (?)
Feb 25 14:14:43 server1 postfix/qmgr[5898]: request ignored
Feb 25 14:14:43 server1 postfix/qmgr[5898]: qmgr_scan_start: start incoming queue scan
Feb 25 14:14:43 server1 postfix/qmgr[5898]: master_notify: status 1
Feb 25 14:14:43 server1 postfix/qmgr[5898]: done incoming queue scan
Feb 25 14:19:43 server1 postfix/qmgr[5898]: qmgr_scan_start: start deferred queue scan
Feb 25 14:19:43 server1 postfix/qmgr[5898]: done deferred queue scan
Feb 25 13:58:17 server1 postfix/sendmail[3218]: fatal: Recipient addresses must be specified on the command line or via the -t option
Feb 25 13:58:26 server1 postfix/pickup[29650]: AE11A4011B7B: uid=0 from=<root>
Feb 25 13:58:26 server1 postfix/cleanup[3260]: AE11A4011B7B: message-id=<20220225125826.AE11A4011B7B@server1.alsoft.org>
Feb 25 13:58:26 server1 postfix/qmgr[18556]: AE11A4011B7B: from=<root@server1.alsoft.org>, size=299, nrcpt=1 (queue active)
Feb 25 13:58:28 server1 postfix/smtp[3262]: AE11A4011B7B: to=<info.htreasure@gmail.com>, relay=gmail-smtp-in.l.google.com[74.125.206.26]:25, delay=2, delays=0.07/0.01/1.5/0.34, dsn=2.1.5, status=deliverable (250 2.1.5 OK z9-20020adfdf89$
Feb 25 13:58:28 server1 postfix/cleanup[3260]: 9C37E404B379: message-id=<20220225125828.9C37E404B379@server1.alsoft.org>
Feb 25 13:58:28 server1 postfix/bounce[3266]: AE11A4011B7B: sender delivery status notification: 9C37E404B379
Feb 25 13:58:28 server1 postfix/qmgr[18556]: 9C37E404B379: from=<>, size=2050, nrcpt=1 (queue active)
Feb 25 13:58:28 server1 postfix/qmgr[18556]: AE11A4011B7B: removed
Feb 25 13:58:28 server1 postfix/local[3267]: 9C37E404B379: to=<root@server1.alsoft.org>, relay=local, delay=0.03, delays=0.01/0.02/0/0.01, dsn=2.0.0, status=sent (delivered to mailbox)
Feb 25 13:58:28 server1 postfix/qmgr[18556]: 9C37E404B379: removed
Feb 25 14:09:43 server1 postfix/postfix-script[5893]: refreshing the Postfix mail system
Feb 25 14:09:43 server1 postfix/master[1295]: reload -- version 2.10.1, configuration /etc/postfix
Feb 25 14:09:43 server1 postfix/qmgr[5898]: name_mask: all
Feb 25 14:09:43 server1 postfix/qmgr[5898]: name_mask: subnet
Feb 25 14:09:43 server1 postfix/qmgr[5898]: inet_addr_local: configured 3 IPv4 addresses
Feb 25 14:09:43 server1 postfix/qmgr[5898]: inet_addr_local: configured 3 IPv6 addresses
Feb 25 14:09:43 server1 postfix/qmgr[5898]: been_here: 127.0.0.0/8: 0
Feb 25 14:09:43 server1 postfix/qmgr[5898]: been_here: [::1]/128: 0
Feb 25 14:09:43 server1 postfix/qmgr[5898]: mynetworks: 127.0.0.0/8 [::1]/128
Feb 25 14:09:43 server1 postfix/qmgr[5898]: process generation: 231 (231)
Feb 25 14:09:43 server1 postfix/qmgr[5898]: match_string: fast_flush_domains ~? debug_peer_list
Feb 25 14:09:43 server1 postfix/qmgr[5898]: match_string: fast_flush_domains ~? fast_flush_domains
Feb 25 14:09:43 server1 postfix/qmgr[5898]: start move queue active -> incoming
Feb 25 14:09:43 server1 postfix/qmgr[5898]: end move queue active -> incoming
Feb 25 14:09:43 server1 postfix/qmgr[5898]: qmgr_scan_start: start incoming queue scan
Feb 25 14:09:43 server1 postfix/qmgr[5898]: qmgr_scan_start: start deferred queue scan
Feb 25 14:09:43 server1 postfix/qmgr[5898]: done incoming queue scan
Feb 25 14:09:43 server1 postfix/qmgr[5898]: done deferred queue scan
Feb 25 14:09:43 server1 postfix/qmgr[5898]: trigger_server_accept_local: trigger arrived
Feb 25 14:09:43 server1 postfix/qmgr[5898]: master_notify: status 0
Feb 25 14:09:43 server1 postfix/qmgr[5898]: request: 87 (W)
Feb 25 14:09:43 server1 postfix/qmgr[5898]: request: 0 (?)
Feb 25 14:09:43 server1 postfix/qmgr[5898]: request ignored
Feb 25 14:09:43 server1 postfix/qmgr[5898]: qmgr_scan_start: start incoming queue scan
Feb 25 14:09:43 server1 postfix/qmgr[5898]: master_notify: status 1
Feb 25 14:09:43 server1 postfix/qmgr[5898]: done incoming queue scan
Feb 25 14:14:43 server1 postfix/qmgr[5898]: qmgr_scan_start: start deferred queue scan
Feb 25 14:14:43 server1 postfix/qmgr[5898]: done deferred queue scan
Feb 25 14:14:43 server1 postfix/qmgr[5898]: trigger_server_accept_local: trigger arrived
Feb 25 14:14:43 server1 postfix/qmgr[5898]: master_notify: status 0
Feb 25 14:14:43 server1 postfix/qmgr[5898]: request: 87 (W)
Feb 25 14:14:43 server1 postfix/qmgr[5898]: request: 0 (?)
Feb 25 14:14:43 server1 postfix/qmgr[5898]: request ignored
Feb 25 14:14:43 server1 postfix/qmgr[5898]: qmgr_scan_start: start incoming queue scan
Feb 25 14:14:43 server1 postfix/qmgr[5898]: master_notify: status 1
Feb 25 14:14:43 server1 postfix/qmgr[5898]: done incoming queue scan
Feb 25 14:19:43 server1 postfix/qmgr[5898]: qmgr_scan_start: start deferred queue scan
Feb 25 14:19:43 server1 postfix/qmgr[5898]: done deferred queue scan
Feb 25 13:58:17 server1 postfix/sendmail[3218]: fatal: Recipient addresses must be specified on the command line or via the -t option
Feb 25 13:58:26 server1 postfix/pickup[29650]: AE11A4011B7B: uid=0 from=<root>
Feb 25 13:58:26 server1 postfix/cleanup[3260]: AE11A4011B7B: message-id=<20220225125826.AE11A4011B7B@server1.alsoft.org>
Feb 25 13:58:26 server1 postfix/qmgr[18556]: AE11A4011B7B: from=<root@server1.alsoft.org>, size=299, nrcpt=1 (queue active)
Feb 25 13:58:28 server1 postfix/smtp[3262]: AE11A4011B7B: to=<info.htreasure@gmail.com>, relay=gmail-smtp-in.l.google.com[74.125.206.26]:25, delay=2, delays=0.07/0.01/1.5/0.34, dsn=2.1.5, status=deliverable (250 2.1.5 OK z9-20020adfdf89$
Feb 25 13:58:28 server1 postfix/cleanup[3260]: 9C37E404B379: message-id=<20220225125828.9C37E404B379@server1.alsoft.org>
Feb 25 13:58:28 server1 postfix/bounce[3266]: AE11A4011B7B: sender delivery status notification: 9C37E404B379
Feb 25 13:58:28 server1 postfix/qmgr[18556]: 9C37E404B379: from=<>, size=2050, nrcpt=1 (queue active)
Feb 25 13:58:28 server1 postfix/qmgr[18556]: AE11A4011B7B: removed
Feb 25 13:58:28 server1 postfix/local[3267]: 9C37E404B379: to=<root@server1.alsoft.org>, relay=local, delay=0.03, delays=0.01/0.02/0/0.01, dsn=2.0.0, status=sent (delivered to mailbox)
Feb 25 13:58:28 server1 postfix/qmgr[18556]: 9C37E404B379: removed
Feb 25 14:09:43 server1 postfix/postfix-script[5893]: refreshing the Postfix mail system
Feb 25 14:09:43 server1 postfix/master[1295]: reload -- version 2.10.1, configuration /etc/postfix
Feb 25 14:09:43 server1 postfix/qmgr[5898]: name_mask: all
Feb 25 14:09:43 server1 postfix/qmgr[5898]: name_mask: subnet
Feb 25 14:09:43 server1 postfix/qmgr[5898]: inet_addr_local: configured 3 IPv4 addresses
Feb 25 14:09:43 server1 postfix/qmgr[5898]: inet_addr_local: configured 3 IPv6 addresses
Feb 25 14:09:43 server1 postfix/qmgr[5898]: been_here: 127.0.0.0/8: 0
Feb 25 14:09:43 server1 postfix/qmgr[5898]: been_here: [::1]/128: 0
Feb 25 14:09:43 server1 postfix/qmgr[5898]: mynetworks: 127.0.0.0/8 [::1]/128
Feb 25 14:09:43 server1 postfix/qmgr[5898]: process generation: 231 (231)
Feb 25 14:09:43 server1 postfix/qmgr[5898]: match_string: fast_flush_domains ~? debug_peer_list
Feb 25 14:09:43 server1 postfix/qmgr[5898]: match_string: fast_flush_domains ~? fast_flush_domains
Feb 25 14:09:43 server1 postfix/qmgr[5898]: start move queue active -> incoming
Feb 25 14:09:43 server1 postfix/qmgr[5898]: end move queue active -> incoming
Feb 25 14:09:43 server1 postfix/qmgr[5898]: qmgr_scan_start: start incoming queue scan
Feb 25 14:09:43 server1 postfix/qmgr[5898]: qmgr_scan_start: start deferred queue scan
Feb 25 14:09:43 server1 postfix/qmgr[5898]: done incoming queue scan
Feb 25 14:09:43 server1 postfix/qmgr[5898]: done deferred queue scan
Feb 25 14:09:43 server1 postfix/qmgr[5898]: trigger_server_accept_local: trigger arrived
Feb 25 14:09:43 server1 postfix/qmgr[5898]: master_notify: status 0
Feb 25 14:09:43 server1 postfix/qmgr[5898]: request: 87 (W)
Feb 25 14:09:43 server1 postfix/qmgr[5898]: request: 0 (?)
Feb 25 14:09:43 server1 postfix/qmgr[5898]: request ignored
Feb 25 14:09:43 server1 postfix/qmgr[5898]: qmgr_scan_start: start incoming queue scan
Feb 25 14:09:43 server1 postfix/qmgr[5898]: master_notify: status 1
Feb 25 14:09:43 server1 postfix/qmgr[5898]: done incoming queue scan
Feb 25 14:14:43 server1 postfix/qmgr[5898]: qmgr_scan_start: start deferred queue scan
Feb 25 14:14:43 server1 postfix/qmgr[5898]: done deferred queue scan
Feb 25 14:14:43 server1 postfix/qmgr[5898]: trigger_server_accept_local: trigger arrived
Feb 25 14:14:43 server1 postfix/qmgr[5898]: master_notify: status 0
Feb 25 14:14:43 server1 postfix/qmgr[5898]: request: 87 (W)
Feb 25 14:14:43 server1 postfix/qmgr[5898]: request: 0 (?)
Feb 25 14:14:43 server1 postfix/qmgr[5898]: request ignored
Feb 25 14:14:43 server1 postfix/qmgr[5898]: qmgr_scan_start: start incoming queue scan
Feb 25 14:14:43 server1 postfix/qmgr[5898]: master_notify: status 1
Feb 25 14:14:43 server1 postfix/qmgr[5898]: done incoming queue scan
Feb 25 14:19:43 server1 postfix/qmgr[5898]: qmgr_scan_start: start deferred queue scan
Feb 25 14:19:43 server1 postfix/qmgr[5898]: done deferred queue scan
Feb 25 13:58:17 server1 postfix/sendmail[3218]: fatal: Recipient addresses must be specified on the command line or via the -t option
Feb 25 13:58:26 server1 postfix/pickup[29650]: AE11A4011B7B: uid=0 from=<root>
Feb 25 13:58:26 server1 postfix/cleanup[3260]: AE11A4011B7B: message-id=<20220225125826.AE11A4011B7B@server1.alsoft.org>
Feb 25 13:58:26 server1 postfix/qmgr[18556]: AE11A4011B7B: from=<root@server1.alsoft.org>, size=299, nrcpt=1 (queue active)
Feb 25 13:58:28 server1 postfix/smtp[3262]: AE11A4011B7B: to=<info.htreasure@gmail.com>, relay=gmail-smtp-in.l.google.com[74.125.206.26]:25, delay=2, delays=0.07/0.01/1.5/0.34, dsn=2.1.5, status=deliverable (250 2.1.5 OK z9-20020adfdf89$
Feb 25 13:58:28 server1 postfix/cleanup[3260]: 9C37E404B379: message-id=<20220225125828.9C37E404B379@server1.alsoft.org>
Feb 25 13:58:28 server1 postfix/bounce[3266]: AE11A4011B7B: sender delivery status notification: 9C37E404B379
Feb 25 13:58:28 server1 postfix/qmgr[18556]: 9C37E404B379: from=<>, size=2050, nrcpt=1 (queue active)
Feb 25 13:58:28 server1 postfix/qmgr[18556]: AE11A4011B7B: removed
Feb 25 13:58:28 server1 postfix/local[3267]: 9C37E404B379: to=<root@server1.alsoft.org>, relay=local, delay=0.03, delays=0.01/0.02/0/0.01, dsn=2.0.0, status=sent (delivered to mailbox)
Feb 25 13:58:28 server1 postfix/qmgr[18556]: 9C37E404B379: removed
Feb 25 14:09:43 server1 postfix/postfix-script[5893]: refreshing the Postfix mail system
Feb 25 14:09:43 server1 postfix/master[1295]: reload -- version 2.10.1, configuration /etc/postfix
Feb 25 14:09:43 server1 postfix/qmgr[5898]: name_mask: all
Feb 25 14:09:43 server1 postfix/qmgr[5898]: name_mask: subnet
Feb 25 14:09:43 server1 postfix/qmgr[5898]: inet_addr_local: configured 3 IPv4 addresses
Feb 25 14:09:43 server1 postfix/qmgr[5898]: inet_addr_local: configured 3 IPv6 addresses
Feb 25 14:09:43 server1 postfix/qmgr[5898]: been_here: 127.0.0.0/8: 0
Feb 25 14:09:43 server1 postfix/qmgr[5898]: been_here: [::1]/128: 0
Feb 25 14:09:43 server1 postfix/qmgr[5898]: mynetworks: 127.0.0.0/8 [::1]/128
Feb 25 14:09:43 server1 postfix/qmgr[5898]: process generation: 231 (231)
Feb 25 14:09:43 server1 postfix/qmgr[5898]: match_string: fast_flush_domains ~? debug_peer_list
Feb 25 14:09:43 server1 postfix/qmgr[5898]: match_string: fast_flush_domains ~? fast_flush_domains
Feb 25 14:09:43 server1 postfix/qmgr[5898]: start move queue active -> incoming
Feb 25 14:09:43 server1 postfix/qmgr[5898]: end move queue active -> incoming
Feb 25 14:09:43 server1 postfix/qmgr[5898]: qmgr_scan_start: start incoming queue scan
Feb 25 14:09:43 server1 postfix/qmgr[5898]: qmgr_scan_start: start deferred queue scan
Feb 25 14:09:43 server1 postfix/qmgr[5898]: done incoming queue scan
Feb 25 14:09:43 server1 postfix/qmgr[5898]: done deferred queue scan
Feb 25 14:09:43 server1 postfix/qmgr[5898]: trigger_server_accept_local: trigger arrived
Feb 25 14:09:43 server1 postfix/qmgr[5898]: master_notify: status 0
Feb 25 14:09:43 server1 postfix/qmgr[5898]: request: 87 (W)
Feb 25 14:09:43 server1 postfix/qmgr[5898]: request: 0 (?)
Feb 25 14:09:43 server1 postfix/qmgr[5898]: request ignored
Feb 25 14:09:43 server1 postfix/qmgr[5898]: qmgr_scan_start: start incoming queue scan
Feb 25 14:09:43 server1 postfix/qmgr[5898]: master_notify: status 1
Feb 25 14:09:43 server1 postfix/qmgr[5898]: done incoming queue scan
Feb 25 14:14:43 server1 postfix/qmgr[5898]: qmgr_scan_start: start deferred queue scan
Feb 25 14:14:43 server1 postfix/qmgr[5898]: done deferred queue scan
Feb 25 14:14:43 server1 postfix/qmgr[5898]: trigger_server_accept_local: trigger arrived
Feb 25 14:14:43 server1 postfix/qmgr[5898]: master_notify: status 0
Feb 25 14:14:43 server1 postfix/qmgr[5898]: request: 87 (W)
Feb 25 14:14:43 server1 postfix/qmgr[5898]: request: 0 (?)
Feb 25 14:14:43 server1 postfix/qmgr[5898]: request ignored
Feb 25 14:14:43 server1 postfix/qmgr[5898]: qmgr_scan_start: start incoming queue scan
Feb 25 14:14:43 server1 postfix/qmgr[5898]: master_notify: status 1
Feb 25 14:14:43 server1 postfix/qmgr[5898]: done incoming queue scan
Feb 25 14:19:43 server1 postfix/qmgr[5898]: qmgr_scan_start: start deferred queue scan
Feb 25 14:19:43 server1 postfix/qmgr[5898]: done deferred queue scan
Feb 25 13:58:17 server1 postfix/sendmail[3218]: fatal: Recipient addresses must be specified on the command line or via the -t option
Feb 25 13:58:26 server1 postfix/pickup[29650]: AE11A4011B7B: uid=0 from=<root>
Feb 25 13:58:26 server1 postfix/cleanup[3260]: AE11A4011B7B: message-id=<20220225125826.AE11A4011B7B@server1.alsoft.org>
Feb 25 13:58:26 server1 postfix/qmgr[18556]: AE11A4011B7B: from=<root@server1.alsoft.org>, size=299, nrcpt=1 (queue active)
Feb 25 13:58:28 server1 postfix/smtp[3262]: AE11A4011B7B: to=<info.htreasure@gmail.com>, relay=gmail-smtp-in.l.google.com[74.125.206.26]:25, delay=2, delays=0.07/0.01/1.5/0.34, dsn=2.1.5, status=deliverable (250 2.1.5 OK z9-20020adfdf89$
Feb 25 13:58:28 server1 postfix/cleanup[3260]: 9C37E404B379: message-id=<20220225125828.9C37E404B379@server1.alsoft.org>
Feb 25 13:58:28 server1 postfix/bounce[3266]: AE11A4011B7B: sender delivery status notification: 9C37E404B379
Feb 25 13:58:28 server1 postfix/qmgr[18556]: 9C37E404B379: from=<>, size=2050, nrcpt=1 (queue active)
Feb 25 13:58:28 server1 postfix/qmgr[18556]: AE11A4011B7B: removed
Feb 25 13:58:28 server1 postfix/local[3267]: 9C37E404B379: to=<root@server1.alsoft.org>, relay=local, delay=0.03, delays=0.01/0.02/0/0.01, dsn=2.0.0, status=sent (delivered to mailbox)
Feb 25 13:58:28 server1 postfix/qmgr[18556]: 9C37E404B379: removed
Feb 25 14:09:43 server1 postfix/postfix-script[5893]: refreshing the Postfix mail system
Feb 25 14:09:43 server1 postfix/master[1295]: reload -- version 2.10.1, configuration /etc/postfix
Feb 25 14:09:43 server1 postfix/qmgr[5898]: name_mask: all
Feb 25 14:09:43 server1 postfix/qmgr[5898]: name_mask: subnet
Feb 25 14:09:43 server1 postfix/qmgr[5898]: inet_addr_local: configured 3 IPv4 addresses
Feb 25 14:09:43 server1 postfix/qmgr[5898]: inet_addr_local: configured 3 IPv6 addresses
Feb 25 14:09:43 server1 postfix/qmgr[5898]: been_here: 127.0.0.0/8: 0
Feb 25 14:09:43 server1 postfix/qmgr[5898]: been_here: [::1]/128: 0
Feb 25 14:09:43 server1 postfix/qmgr[5898]: mynetworks: 127.0.0.0/8 [::1]/128
Feb 25 14:09:43 server1 postfix/qmgr[5898]: process generation: 231 (231)
Feb 25 14:09:43 server1 postfix/qmgr[5898]: match_string: fast_flush_domains ~? debug_peer_list
Feb 25 14:09:43 server1 postfix/qmgr[5898]: match_string: fast_flush_domains ~? fast_flush_domains
Feb 25 14:09:43 server1 postfix/qmgr[5898]: start move queue active -> incoming
Feb 25 14:09:43 server1 postfix/qmgr[5898]: end move queue active -> incoming
Feb 25 14:09:43 server1 postfix/qmgr[5898]: qmgr_scan_start: start incoming queue scan
Feb 25 14:09:43 server1 postfix/qmgr[5898]: qmgr_scan_start: start deferred queue scan
Feb 25 14:09:43 server1 postfix/qmgr[5898]: done incoming queue scan
Feb 25 14:09:43 server1 postfix/qmgr[5898]: done deferred queue scan
Feb 25 14:09:43 server1 postfix/qmgr[5898]: trigger_server_accept_local: trigger arrived
Feb 25 14:09:43 server1 postfix/qmgr[5898]: master_notify: status 0
Feb 25 14:09:43 server1 postfix/qmgr[5898]: request: 87 (W)
Feb 25 14:09:43 server1 postfix/qmgr[5898]: request: 0 (?)
Feb 25 14:09:43 server1 postfix/qmgr[5898]: request ignored
Feb 25 14:09:43 server1 postfix/qmgr[5898]: qmgr_scan_start: start incoming queue scan
Feb 25 14:09:43 server1 postfix/qmgr[5898]: master_notify: status 1
Feb 25 14:09:43 server1 postfix/qmgr[5898]: done incoming queue scan
Feb 25 14:14:43 server1 postfix/qmgr[5898]: qmgr_scan_start: start deferred queue scan
Feb 25 14:14:43 server1 postfix/qmgr[5898]: done deferred queue scan
Feb 25 14:14:43 server1 postfix/qmgr[5898]: trigger_server_accept_local: trigger arrived
Feb 25 14:14:43 server1 postfix/qmgr[5898]: master_notify: status 0
Feb 25 14:14:43 server1 postfix/qmgr[5898]: request: 87 (W)
Feb 25 14:14:43 server1 postfix/qmgr[5898]: request: 0 (?)
Feb 25 14:14:43 server1 postfix/qmgr[5898]: request ignored
Feb 25 14:14:43 server1 postfix/qmgr[5898]: qmgr_scan_start: start incoming queue scan
Feb 25 14:14:43 server1 postfix/qmgr[5898]: master_notify: status 1
Feb 25 14:14:43 server1 postfix/qmgr[5898]: done incoming queue scan
Feb 25 14:19:43 server1 postfix/qmgr[5898]: qmgr_scan_start: start deferred queue scan
Feb 25 14:19:43 server1 postfix/qmgr[5898]: done deferred queue scan
Feb 25 13:58:17 server1 postfix/sendmail[3218]: fatal: Recipient addresses must be specified on the command line or via the -t option
Feb 25 13:58:26 server1 postfix/pickup[29650]: AE11A4011B7B: uid=0 from=<root>
Feb 25 13:58:26 server1 postfix/cleanup[3260]: AE11A4011B7B: message-id=<20220225125826.AE11A4011B7B@server1.alsoft.org>
Feb 25 13:58:26 server1 postfix/qmgr[18556]: AE11A4011B7B: from=<root@server1.alsoft.org>, size=299, nrcpt=1 (queue active)
Feb 25 13:58:28 server1 postfix/smtp[3262]: AE11A4011B7B: to=<info.htreasure@gmail.com>, relay=gmail-smtp-in.l.google.com[74.125.206.26]:25, delay=2, delays=0.07/0.01/1.5/0.34, dsn=2.1.5, status=deliverable (250 2.1.5 OK z9-20020adfdf89$
Feb 25 13:58:28 server1 postfix/cleanup[3260]: 9C37E404B379: message-id=<20220225125828.9C37E404B379@server1.alsoft.org>
Feb 25 13:58:28 server1 postfix/bounce[3266]: AE11A4011B7B: sender delivery status notification: 9C37E404B379
Feb 25 13:58:28 server1 postfix/qmgr[18556]: 9C37E404B379: from=<>, size=2050, nrcpt=1 (queue active)
Feb 25 13:58:28 server1 postfix/qmgr[18556]: AE11A4011B7B: removed
Feb 25 13:58:28 server1 postfix/local[3267]: 9C37E404B379: to=<root@server1.alsoft.org>, relay=local, delay=0.03, delays=0.01/0.02/0/0.01, dsn=2.0.0, status=sent (delivered to mailbox)
Feb 25 13:58:28 server1 postfix/qmgr[18556]: 9C37E404B379: removed
Feb 25 14:09:43 server1 postfix/postfix-script[5893]: refreshing the Postfix mail system
Feb 25 14:09:43 server1 postfix/master[1295]: reload -- version 2.10.1, configuration /etc/postfix
Feb 25 14:09:43 server1 postfix/qmgr[5898]: name_mask: all
Feb 25 14:09:43 server1 postfix/qmgr[5898]: name_mask: subnet
Feb 25 14:09:43 server1 postfix/qmgr[5898]: inet_addr_local: configured 3 IPv4 addresses
Feb 25 14:09:43 server1 postfix/qmgr[5898]: inet_addr_local: configured 3 IPv6 addresses
Feb 25 14:09:43 server1 postfix/qmgr[5898]: been_here: 127.0.0.0/8: 0
Feb 25 14:09:43 server1 postfix/qmgr[5898]: been_here: [::1]/128: 0
Feb 25 14:09:43 server1 postfix/qmgr[5898]: mynetworks: 127.0.0.0/8 [::1]/128
Feb 25 14:09:43 server1 postfix/qmgr[5898]: process generation: 231 (231)
Feb 25 14:09:43 server1 postfix/qmgr[5898]: match_string: fast_flush_domains ~? debug_peer_list
Feb 25 14:09:43 server1 postfix/qmgr[5898]: match_string: fast_flush_domains ~? fast_flush_domains
Feb 25 14:09:43 server1 postfix/qmgr[5898]: start move queue active -> incoming
Feb 25 14:09:43 server1 postfix/qmgr[5898]: end move queue active -> incoming
Feb 25 14:09:43 server1 postfix/qmgr[5898]: qmgr_scan_start: start incoming queue scan
Feb 25 14:09:43 server1 postfix/qmgr[5898]: qmgr_scan_start: start deferred queue scan
Feb 25 14:09:43 server1 postfix/qmgr[5898]: done incoming queue scan
Feb 25 14:09:43 server1 postfix/qmgr[5898]: done deferred queue scan
Feb 25 14:09:43 server1 postfix/qmgr[5898]: trigger_server_accept_local: trigger arrived
Feb 25 14:09:43 server1 postfix/qmgr[5898]: master_notify: status 0
Feb 25 14:09:43 server1 postfix/qmgr[5898]: request: 87 (W)
Feb 25 14:09:43 server1 postfix/qmgr[5898]: request: 0 (?)
Feb 25 14:09:43 server1 postfix/qmgr[5898]: request ignored
Feb 25 14:09:43 server1 postfix/qmgr[5898]: qmgr_scan_start: start incoming queue scan
Feb 25 14:09:43 server1 postfix/qmgr[5898]: master_notify: status 1
Feb 25 14:09:43 server1 postfix/qmgr[5898]: done incoming queue scan
Feb 25 14:14:43 server1 postfix/qmgr[5898]: qmgr_scan_start: start deferred queue scan
Feb 25 14:14:43 server1 postfix/qmgr[5898]: done deferred queue scan
Feb 25 14:14:43 server1 postfix/qmgr[5898]: trigger_server_accept_local: trigger arrived
Feb 25 14:14:43 server1 postfix/qmgr[5898]: master_notify: status 0
Feb 25 14:14:43 server1 postfix/qmgr[5898]: request: 87 (W)
Feb 25 14:14:43 server1 postfix/qmgr[5898]: request: 0 (?)
Feb 25 14:14:43 server1 postfix/qmgr[5898]: request ignored
Feb 25 14:14:43 server1 postfix/qmgr[5898]: qmgr_scan_start: start incoming queue scan
Feb 25 14:14:43 server1 postfix/qmgr[5898]: master_notify: status 1
Feb 25 14:14:43 server1 postfix/qmgr[5898]: done incoming queue scan
Feb 25 14:19:43 server1 postfix/qmgr[5898]: qmgr_scan_start: start deferred queue scan
Feb 25 14:19:43 server1 postfix/qmgr[5898]: done deferred queue scan
Feb 25 13:58:17 server1 postfix/sendmail[3218]: fatal: Recipient addresses must be specified on the command line or via the -t option
Feb 25 13:58:26 server1 postfix/pickup[29650]: AE11A4011B7B: uid=0 from=<root>
Feb 25 13:58:26 server1 postfix/cleanup[3260]: AE11A4011B7B: message-id=<20220225125826.AE11A4011B7B@server1.alsoft.org>
Feb 25 13:58:26 server1 postfix/qmgr[18556]: AE11A4011B7B: from=<root@server1.alsoft.org>, size=299, nrcpt=1 (queue active)
Feb 25 13:58:28 server1 postfix/smtp[3262]: AE11A4011B7B: to=<info.htreasure@gmail.com>, relay=gmail-smtp-in.l.google.com[74.125.206.26]:25, delay=2, delays=0.07/0.01/1.5/0.34, dsn=2.1.5, status=deliverable (250 2.1.5 OK z9-20020adfdf89$
Feb 25 13:58:28 server1 postfix/cleanup[3260]: 9C37E404B379: message-id=<20220225125828.9C37E404B379@server1.alsoft.org>
Feb 25 13:58:28 server1 postfix/bounce[3266]: AE11A4011B7B: sender delivery status notification: 9C37E404B379
Feb 25 13:58:28 server1 postfix/qmgr[18556]: 9C37E404B379: from=<>, size=2050, nrcpt=1 (queue active)
Feb 25 13:58:28 server1 postfix/qmgr[18556]: AE11A4011B7B: removed
Feb 25 13:58:28 server1 postfix/local[3267]: 9C37E404B379: to=<root@server1.alsoft.org>, relay=local, delay=0.03, delays=0.01/0.02/0/0.01, dsn=2.0.0, status=sent (delivered to mailbox)
Feb 25 13:58:28 server1 postfix/qmgr[18556]: 9C37E404B379: removed
Feb 25 14:09:43 server1 postfix/postfix-script[5893]: refreshing the Postfix mail system
Feb 25 14:09:43 server1 postfix/master[1295]: reload -- version 2.10.1, configuration /etc/postfix
Feb 25 14:09:43 server1 postfix/qmgr[5898]: name_mask: all
Feb 25 14:09:43 server1 postfix/qmgr[5898]: name_mask: subnet
Feb 25 14:09:43 server1 postfix/qmgr[5898]: inet_addr_local: configured 3 IPv4 addresses
Feb 25 14:09:43 server1 postfix/qmgr[5898]: inet_addr_local: configured 3 IPv6 addresses
Feb 25 14:09:43 server1 postfix/qmgr[5898]: been_here: 127.0.0.0/8: 0
Feb 25 14:09:43 server1 postfix/qmgr[5898]: been_here: [::1]/128: 0
Feb 25 14:09:43 server1 postfix/qmgr[5898]: mynetworks: 127.0.0.0/8 [::1]/128
Feb 25 14:09:43 server1 postfix/qmgr[5898]: process generation: 231 (231)
Feb 25 14:09:43 server1 postfix/qmgr[5898]: match_string: fast_flush_domains ~? debug_peer_list
Feb 25 14:09:43 server1 postfix/qmgr[5898]: match_string: fast_flush_domains ~? fast_flush_domains
Feb 25 14:09:43 server1 postfix/qmgr[5898]: start move queue active -> incoming
Feb 25 14:09:43 server1 postfix/qmgr[5898]: end move queue active -> incoming
Feb 25 14:09:43 server1 postfix/qmgr[5898]: qmgr_scan_start: start incoming queue scan
Feb 25 14:09:43 server1 postfix/qmgr[5898]: qmgr_scan_start: start deferred queue scan
Feb 25 14:09:43 server1 postfix/qmgr[5898]: done incoming queue scan
Feb 25 14:09:43 server1 postfix/qmgr[5898]: done deferred queue scan
Feb 25 14:09:43 server1 postfix/qmgr[5898]: trigger_server_accept_local: trigger arrived
Feb 25 14:09:43 server1 postfix/qmgr[5898]: master_notify: status 0
Feb 25 14:09:43 server1 postfix/qmgr[5898]: request: 87 (W)
Feb 25 14:09:43 server1 postfix/qmgr[5898]: request: 0 (?)
Feb 25 14:09:43 server1 postfix/qmgr[5898]: request ignored
Feb 25 14:09:43 server1 postfix/qmgr[5898]: qmgr_scan_start: start incoming queue scan
Feb 25 14:09:43 server1 postfix/qmgr[5898]: master_notify: status 1
Feb 25 14:09:43 server1 postfix/qmgr[5898]: done incoming queue scan
Feb 25 14:14:43 server1 postfix/qmgr[5898]: qmgr_scan_start: start deferred queue scan
Feb 25 14:14:43 server1 postfix/qmgr[5898]: done deferred queue scan
Feb 25 14:14:43 server1 postfix/qmgr[5898]: trigger_server_accept_local: trigger arrived
Feb 25 14:14:43 server1 postfix/qmgr[5898]: master_notify: status 0
Feb 25 14:14:43 server1 postfix/qmgr[5898]: request: 87 (W)
Feb 25 14:14:43 server1 postfix/qmgr[5898]: request: 0 (?)
Feb 25 14:14:43 server1 postfix/qmgr[5898]: request ignored
Feb 25 14:14:43 server1 postfix/qmgr[5898]: qmgr_scan_start: start incoming queue scan
Feb 25 14:14:43 server1 postfix/qmgr[5898]: master_notify: status 1
Feb 25 14:14:43 server1 postfix/qmgr[5898]: done incoming queue scan
Feb 25 14:19:43 server1 postfix/qmgr[5898]: qmgr_scan_start: start deferred queue scan
Feb 25 14:19:43 server1 postfix/qmgr[5898]: done deferred queue scan
Feb 25 13:58:17 server1 postfix/sendmail[3218]: fatal: Recipient addresses must be specified on the command line or via the -t option
Feb 25 13:58:26 server1 postfix/pickup[29650]: AE11A4011B7B: uid=0 from=<root>
Feb 25 13:58:26 server1 postfix/cleanup[3260]: AE11A4011B7B: message-id=<20220225125826.AE11A4011B7B@server1.alsoft.org>
Feb 25 13:58:26 server1 postfix/qmgr[18556]: AE11A4011B7B: from=<root@server1.alsoft.org>, size=299, nrcpt=1 (queue active)
Feb 25 13:58:28 server1 postfix/smtp[3262]: AE11A4011B7B: to=<info.htreasure@gmail.com>, relay=gmail-smtp-in.l.google.com[74.125.206.26]:25, delay=2, delays=0.07/0.01/1.5/0.34, dsn=2.1.5, status=deliverable (250 2.1.5 OK z9-20020adfdf89$
Feb 25 13:58:28 server1 postfix/cleanup[3260]: 9C37E404B379: message-id=<20220225125828.9C37E404B379@server1.alsoft.org>
Feb 25 13:58:28 server1 postfix/bounce[3266]: AE11A4011B7B: sender delivery status notification: 9C37E404B379
Feb 25 13:58:28 server1 postfix/qmgr[18556]: 9C37E404B379: from=<>, size=2050, nrcpt=1 (queue active)
Feb 25 13:58:28 server1 postfix/qmgr[18556]: AE11A4011B7B: removed
Feb 25 13:58:28 server1 postfix/local[3267]: 9C37E404B379: to=<root@server1.alsoft.org>, relay=local, delay=0.03, delays=0.01/0.02/0/0.01, dsn=2.0.0, status=sent (delivered to mailbox)
Feb 25 13:58:28 server1 postfix/qmgr[18556]: 9C37E404B379: removed
Feb 25 14:09:43 server1 postfix/postfix-script[5893]: refreshing the Postfix mail system
Feb 25 14:09:43 server1 postfix/master[1295]: reload -- version 2.10.1, configuration /etc/postfix
Feb 25 14:09:43 server1 postfix/qmgr[5898]: name_mask: all
Feb 25 14:09:43 server1 postfix/qmgr[5898]: name_mask: subnet
Feb 25 14:09:43 server1 postfix/qmgr[5898]: inet_addr_local: configured 3 IPv4 addresses
Feb 25 14:09:43 server1 postfix/qmgr[5898]: inet_addr_local: configured 3 IPv6 addresses
Feb 25 14:09:43 server1 postfix/qmgr[5898]: been_here: 127.0.0.0/8: 0
Feb 25 14:09:43 server1 postfix/qmgr[5898]: been_here: [::1]/128: 0
Feb 25 14:09:43 server1 postfix/qmgr[5898]: mynetworks: 127.0.0.0/8 [::1]/128
Feb 25 14:09:43 server1 postfix/qmgr[5898]: process generation: 231 (231)
Feb 25 14:09:43 server1 postfix/qmgr[5898]: match_string: fast_flush_domains ~? debug_peer_list
Feb 25 14:09:43 server1 postfix/qmgr[5898]: match_string: fast_flush_domains ~? fast_flush_domains
Feb 25 14:09:43 server1 postfix/qmgr[5898]: start move queue active -> incoming
Feb 25 14:09:43 server1 postfix/qmgr[5898]: end move queue active -> incoming
Feb 25 14:09:43 server1 postfix/qmgr[5898]: qmgr_scan_start: start incoming queue scan
Feb 25 14:09:43 server1 postfix/qmgr[5898]: qmgr_scan_start: start deferred queue scan
Feb 25 14:09:43 server1 postfix/qmgr[5898]: done incoming queue scan
Feb 25 14:09:43 server1 postfix/qmgr[5898]: done deferred queue scan
Feb 25 14:09:43 server1 postfix/qmgr[5898]: trigger_server_accept_local: trigger arrived
Feb 25 14:09:43 server1 postfix/qmgr[5898]: master_notify: status 0
Feb 25 14:09:43 server1 postfix/qmgr[5898]: request: 87 (W)
Feb 25 14:09:43 server1 postfix/qmgr[5898]: request: 0 (?)
Feb 25 14:09:43 server1 postfix/qmgr[5898]: request ignored
Feb 25 14:09:43 server1 postfix/qmgr[5898]: qmgr_scan_start: start incoming queue scan
Feb 25 14:09:43 server1 postfix/qmgr[5898]: master_notify: status 1
Feb 25 14:09:43 server1 postfix/qmgr[5898]: done incoming queue scan
Feb 25 14:14:43 server1 postfix/qmgr[5898]: qmgr_scan_start: start deferred queue scan
Feb 25 14:14:43 server1 postfix/qmgr[5898]: done deferred queue scan
Feb 25 14:14:43 server1 postfix/qmgr[5898]: trigger_server_accept_local: trigger arrived
Feb 25 14:14:43 server1 postfix/qmgr[5898]: master_notify: status 0
Feb 25 14:14:43 server1 postfix/qmgr[5898]: request: 87 (W)
Feb 25 14:14:43 server1 postfix/qmgr[5898]: request: 0 (?)
Feb 25 14:14:43 server1 postfix/qmgr[5898]: request ignored
Feb 25 14:14:43 server1 postfix/qmgr[5898]: qmgr_scan_start: start incoming queue scan
Feb 25 14:14:43 server1 postfix/qmgr[5898]: master_notify: status 1
Feb 25 14:14:43 server1 postfix/qmgr[5898]: done incoming queue scan
Feb 25 14:19:43 server1 postfix/qmgr[5898]: qmgr_scan_start: start deferred queue scan
Feb 25 14:19:43 server1 postfix/qmgr[5898]: done deferred queue scan
Feb 25 13:58:17 server1 postfix/sendmail[3218]: fatal: Recipient addresses must be specified on the command line or via the -t option
Feb 25 13:58:26 server1 postfix/pickup[29650]: AE11A4011B7B: uid=0 from=<root>
Feb 25 13:58:26 server1 postfix/cleanup[3260]: AE11A4011B7B: message-id=<20220225125826.AE11A4011B7B@server1.alsoft.org>
Feb 25 13:58:26 server1 postfix/qmgr[18556]: AE11A4011B7B: from=<root@server1.alsoft.org>, size=299, nrcpt=1 (queue active)
Feb 25 13:58:28 server1 postfix/smtp[3262]: AE11A4011B7B: to=<info.htreasure@gmail.com>, relay=gmail-smtp-in.l.google.com[74.125.206.26]:25, delay=2, delays=0.07/0.01/1.5/0.34, dsn=2.1.5, status=deliverable (250 2.1.5 OK z9-20020adfdf89$
Feb 25 13:58:28 server1 postfix/cleanup[3260]: 9C37E404B379: message-id=<20220225125828.9C37E404B379@server1.alsoft.org>
Feb 25 13:58:28 server1 postfix/bounce[3266]: AE11A4011B7B: sender delivery status notification: 9C37E404B379
Feb 25 13:58:28 server1 postfix/qmgr[18556]: 9C37E404B379: from=<>, size=2050, nrcpt=1 (queue active)
Feb 25 13:58:28 server1 postfix/qmgr[18556]: AE11A4011B7B: removed
Feb 25 13:58:28 server1 postfix/local[3267]: 9C37E404B379: to=<root@server1.alsoft.org>, relay=local, delay=0.03, delays=0.01/0.02/0/0.01, dsn=2.0.0, status=sent (delivered to mailbox)
Feb 25 13:58:28 server1 postfix/qmgr[18556]: 9C37E404B379: removed
Feb 25 14:09:43 server1 postfix/postfix-script[5893]: refreshing the Postfix mail system
Feb 25 14:09:43 server1 postfix/master[1295]: reload -- version 2.10.1, configuration /etc/postfix
Feb 25 14:09:43 server1 postfix/qmgr[5898]: name_mask: all
Feb 25 14:09:43 server1 postfix/qmgr[5898]: name_mask: subnet
Feb 25 14:09:43 server1 postfix/qmgr[5898]: inet_addr_local: configured 3 IPv4 addresses
Feb 25 14:09:43 server1 postfix/qmgr[5898]: inet_addr_local: configured 3 IPv6 addresses
Feb 25 14:09:43 server1 postfix/qmgr[5898]: been_here: 127.0.0.0/8: 0
Feb 25 14:09:43 server1 postfix/qmgr[5898]: been_here: [::1]/128: 0
Feb 25 14:09:43 server1 postfix/qmgr[5898]: mynetworks: 127.0.0.0/8 [::1]/128
Feb 25 14:09:43 server1 postfix/qmgr[5898]: process generation: 231 (231)
Feb 25 14:09:43 server1 postfix/qmgr[5898]: match_string: fast_flush_domains ~? debug_peer_list
Feb 25 14:09:43 server1 postfix/qmgr[5898]: match_string: fast_flush_domains ~? fast_flush_domains
Feb 25 14:09:43 server1 postfix/qmgr[5898]: start move queue active -> incoming
Feb 25 14:09:43 server1 postfix/qmgr[5898]: end move queue active -> incoming
Feb 25 14:09:43 server1 postfix/qmgr[5898]: qmgr_scan_start: start incoming queue scan
Feb 25 14:09:43 server1 postfix/qmgr[5898]: qmgr_scan_start: start deferred queue scan
Feb 25 14:09:43 server1 postfix/qmgr[5898]: done incoming queue scan
Feb 25 14:09:43 server1 postfix/qmgr[5898]: done deferred queue scan
Feb 25 14:09:43 server1 postfix/qmgr[5898]: trigger_server_accept_local: trigger arrived
Feb 25 14:09:43 server1 postfix/qmgr[5898]: master_notify: status 0
Feb 25 14:09:43 server1 postfix/qmgr[5898]: request: 87 (W)
Feb 25 14:09:43 server1 postfix/qmgr[5898]: request: 0 (?)
Feb 25 14:09:43 server1 postfix/qmgr[5898]: request ignored
Feb 25 14:09:43 server1 postfix/qmgr[5898]: qmgr_scan_start: start incoming queue scan
Feb 25 14:09:43 server1 postfix/qmgr[5898]: master_notify: status 1
Feb 25 14:09:43 server1 postfix/qmgr[5898]: done incoming queue scan
Feb 25 14:14:43 server1 postfix/qmgr[5898]: qmgr_scan_start: start deferred queue scan
Feb 25 14:14:43 server1 postfix/qmgr[5898]: done deferred queue scan
Feb 25 14:14:43 server1 postfix/qmgr[5898]: trigger_server_accept_local: trigger arrived
Feb 25 14:14:43 server1 postfix/qmgr[5898]: master_notify: status 0
Feb 25 14:14:43 server1 postfix/qmgr[5898]: request: 87 (W)
Feb 25 14:14:43 server1 postfix/qmgr[5898]: request: 0 (?)
Feb 25 14:14:43 server1 postfix/qmgr[5898]: request ignored
Feb 25 14:14:43 server1 postfix/qmgr[5898]: qmgr_scan_start: start incoming queue scan
Feb 25 14:14:43 server1 postfix/qmgr[5898]: master_notify: status 1
Feb 25 14:14:43 server1 postfix/qmgr[5898]: done incoming queue scan
Feb 25 14:19:43 server1 postfix/qmgr[5898]: qmgr_scan_start: start deferred queue scan
Feb 25 14:19:43 server1 postfix/qmgr[5898]: done deferred queue scan
Feb 25 13:58:17 server1 postfix/sendmail[3218]: fatal: Recipient addresses must be specified on the command line or via the -t option
Feb 25 13:58:26 server1 postfix/pickup[29650]: AE11A4011B7B: uid=0 from=<root>
Feb 25 13:58:26 server1 postfix/cleanup[3260]: AE11A4011B7B: message-id=<20220225125826.AE11A4011B7B@server1.alsoft.org>
Feb 25 13:58:26 server1 postfix/qmgr[18556]: AE11A4011B7B: from=<root@server1.alsoft.org>, size=299, nrcpt=1 (queue active)
Feb 25 13:58:28 server1 postfix/smtp[3262]: AE11A4011B7B: to=<info.htreasure@gmail.com>, relay=gmail-smtp-in.l.google.com[74.125.206.26]:25, delay=2, delays=0.07/0.01/1.5/0.34, dsn=2.1.5, status=deliverable (250 2.1.5 OK z9-20020adfdf89$
Feb 25 13:58:28 server1 postfix/cleanup[3260]: 9C37E404B379: message-id=<20220225125828.9C37E404B379@server1.alsoft.org>
Feb 25 13:58:28 server1 postfix/bounce[3266]: AE11A4011B7B: sender delivery status notification: 9C37E404B379
Feb 25 13:58:28 server1 postfix/qmgr[18556]: 9C37E404B379: from=<>, size=2050, nrcpt=1 (queue active)
Feb 25 13:58:28 server1 postfix/qmgr[18556]: AE11A4011B7B: removed
Feb 25 13:58:28 server1 postfix/local[3267]: 9C37E404B379: to=<root@server1.alsoft.org>, relay=local, delay=0.03, delays=0.01/0.02/0/0.01, dsn=2.0.0, status=sent (delivered to mailbox)
Feb 25 13:58:28 server1 postfix/qmgr[18556]: 9C37E404B379: removed
Feb 25 14:09:43 server1 postfix/postfix-script[5893]: refreshing the Postfix mail system
Feb 25 14:09:43 server1 postfix/master[1295]: reload -- version 2.10.1, configuration /etc/postfix
Feb 25 14:09:43 server1 postfix/qmgr[5898]: name_mask: all
Feb 25 14:09:43 server1 postfix/qmgr[5898]: name_mask: subnet
Feb 25 14:09:43 server1 postfix/qmgr[5898]: inet_addr_local: configured 3 IPv4 addresses
Feb 25 14:09:43 server1 postfix/qmgr[5898]: inet_addr_local: configured 3 IPv6 addresses
Feb 25 14:09:43 server1 postfix/qmgr[5898]: been_here: 127.0.0.0/8: 0
Feb 25 14:09:43 server1 postfix/qmgr[5898]: been_here: [::1]/128: 0
Feb 25 14:09:43 server1 postfix/qmgr[5898]: mynetworks: 127.0.0.0/8 [::1]/128
Feb 25 14:09:43 server1 postfix/qmgr[5898]: process generation: 231 (231)
Feb 25 14:09:43 server1 postfix/qmgr[5898]: match_string: fast_flush_domains ~? debug_peer_list
Feb 25 14:09:43 server1 postfix/qmgr[5898]: match_string: fast_flush_domains ~? fast_flush_domains
Feb 25 14:09:43 server1 postfix/qmgr[5898]: start move queue active -> incoming
Feb 25 14:09:43 server1 postfix/qmgr[5898]: end move queue active -> incoming
Feb 25 14:09:43 server1 postfix/qmgr[5898]: qmgr_scan_start: start incoming queue scan
Feb 25 14:09:43 server1 postfix/qmgr[5898]: qmgr_scan_start: start deferred queue scan
Feb 25 14:09:43 server1 postfix/qmgr[5898]: done incoming queue scan
Feb 25 14:09:43 server1 postfix/qmgr[5898]: done deferred queue scan
Feb 25 14:09:43 server1 postfix/qmgr[5898]: trigger_server_accept_local: trigger arrived
Feb 25 14:09:43 server1 postfix/qmgr[5898]: master_notify: status 0
Feb 25 14:09:43 server1 postfix/qmgr[5898]: request: 87 (W)
